#-----------------------------------------------------------
# Vivado v2025.1 (64-bit)
# SW Build 6140274 on Thu May 22 00:12:29 MDT 2025
# IP Build 6138677 on Thu May 22 03:10:11 MDT 2025
# SharedData Build 6139179 on Tue May 20 17:58:58 MDT 2025
# Start of session at: Sun Oct 19 11:32:12 2025
# Process ID         : 18772
# Current directory  : C:/Users/Juan/Desktop/ARQUI-FINAL/project_6.runs/synth_1
# Command line       : vivado.exe -log top_basys3.vds -product Vivado -mode batch -messageDb vivado.pb -notrace -source top_basys3.tcl
# Log file           : C:/Users/Juan/Desktop/ARQUI-FINAL/project_6.runs/synth_1/top_basys3.vds
# Journal file       : C:/Users/Juan/Desktop/ARQUI-FINAL/project_6.runs/synth_1\vivado.jou
# Running On         : DESKTOP-0DKD4I4
# Platform           : Windows Server 2016 or Windows 10
# Operating System   : 26100
# Processor Detail   : 13th Gen Intel(R) Core(TM) i7-13650HX
# CPU Frequency      : 2803 MHz
# CPU Physical cores : 14
# CPU Logical cores  : 20
# Host memory        : 16873 MB
# Swap memory        : 10200 MB
# Total Virtual      : 27074 MB
# Available Virtual  : 3630 MB
#-----------------------------------------------------------
source top_basys3.tcl -notrace
